[localhost/dada/wp-content/themes/betheme/images/favicon.ico]
[backblue.gif]
[fade.gif]
[index.html]
[localhost/dada/feed/index.html]
[localhost/dada/comments/feed/index.html]
[localhost/dada/sample-page-2/feed/index.html]
[localhost/dada/wp-includes/js/jquery/jqueryb8ff.js]
[localhost/dada/wp-includes/js/jquery/jquery-migrate.min330a.js]
[localhost/dada/xmlrpc0db0.php]
[localhost/dada/wp-includes/wlwmanifest.xml]
[localhost/dada/wp-json/index.html]
[localhost/dada/wp-json/oembed/1.0/embed29be.json]
[localhost/dada/wp-json/oembed/1.0/embedc39e]
[localhost/dada/wp-content/uploads/2015/12/home_journey_subheader1.jpg]
[localhost/dada/wp-content/uploads/2015/12/retina-journey.png]
[localhost/dada/wp-content/uploads/2015/12/journey.png]
[localhost/dada/wp-content/uploads/2015/12/home_journey_intro.jpg]
[localhost/dada/wp-content/uploads/2015/12/home_journey_icon1.png]
[localhost/dada/wp-content/uploads/2015/12/home_journey_icon2.png]
[localhost/dada/wp-content/uploads/2015/12/home_journey_icon3.png]
[localhost/dada/wp-content/uploads/2015/12/home_journey_destination1.jpg]
[localhost/dada/wp-content/uploads/2015/12/home_journey_destination4.jpg]
[localhost/dada/wp-content/uploads/2015/12/home_journey_destination6.jpg]
[localhost/dada/wp-content/uploads/2015/12/home_journey_blog8-960x700.jpg]
[localhost/dada/wp-content/uploads/2015/12/home_journey_blog5-960x700.jpg]
[localhost/dada/wp-content/uploads/2015/12/home_journey_blog8-80x80.jpg]
[localhost/dada/wp-content/plugins/contact-form-7/includes/js/scriptsaead.js]
[localhost/dada/wp-includes/js/jquery/ui/core.mine899.js]
[localhost/dada/wp-includes/js/jquery/ui/widget.mine899.js]
[localhost/dada/wp-includes/js/jquery/ui/mouse.mine899.js]
[localhost/dada/wp-includes/js/jquery/ui/sortable.mine899.js]
[localhost/dada/wp-includes/js/jquery/ui/tabs.mine899.js]
[localhost/dada/wp-includes/js/jquery/ui/accordion.mine899.js]
[localhost/dada/wp-content/themes/betheme/js/plugins4d75.js]
[localhost/dada/wp-content/themes/betheme/js/menu4d75.js]
[localhost/dada/wp-content/themes/betheme/assets/animations/animations.min4d75.js]
[localhost/dada/wp-content/themes/betheme/assets/jplayer/jplayer.min4d75.js]
[localhost/dada/wp-content/themes/betheme/js/parallax/translate3d4d75.js]
[localhost/dada/wp-content/themes/betheme/js/scripts4d75.js]
[localhost/dada/wp-includes/js/comment-reply.min37cb.js]
[localhost/dada/wp-includes/js/wp-embed.min37cb.js]
[localhost/dada/index.html]
[localhost/dada/wp-admin/admin-ajax.html]
[localhost/dada/wp-content/plugins/contact-form-7/images/ajax-loader.gif]
[localhost/dada/wp-content/plugins/contact-form-7/includes/css/stylesaead.css]
[localhost/dada/wp-content/themes/betheme/style4d75.css]
[localhost/dada/wp-content/themes/betheme/images/box_shadow_button.png]
[localhost/dada/wp-content/themes/betheme/fonts/mfn-icons2e38.eot]
[localhost/dada/wp-content/themes/betheme/fonts/mfn-icons2e38.woff]
[localhost/dada/wp-content/themes/betheme/fonts/mfn-icons2e38.ttf]
[localhost/dada/wp-content/themes/betheme/images/contact_form_error.png]
[localhost/dada/wp-content/themes/betheme/images/bg_panel.png]
[localhost/dada/wp-content/themes/betheme/images/stripes/stripes_5_b.png]
[localhost/dada/wp-content/themes/betheme/css/base4d75.css]
[localhost/dada/wp-content/themes/betheme/images/stripes/stripes_3_b.png]
[localhost/dada/wp-content/themes/betheme/images/box_shadow.png]
[localhost/dada/wp-content/themes/betheme/images/preloader.gif]
[localhost/dada/wp-content/themes/betheme/images/blockquote.png]
[localhost/dada/wp-content/themes/betheme/images/link.png]
[localhost/dada/wp-content/themes/betheme/images/top_bar_right_shadow.png]
[localhost/dada/wp-content/themes/betheme/images/blog_masonry_tile_gradient.png]
[localhost/dada/wp-content/themes/betheme/images/timeline_right.png]
[localhost/dada/wp-content/themes/betheme/images/photo.png]
[localhost/dada/wp-content/themes/betheme/images/recent_comments.png]
[localhost/dada/wp-content/themes/betheme/images/stripes/stripes_10_w.png]
[localhost/dada/wp-content/themes/betheme/images/videomask.png]
[localhost/dada/wp-content/themes/betheme/images/fancy_heading_hr_dark.png]
[localhost/dada/wp-content/themes/betheme/css/layout4d75.css]
[localhost/dada/wp-content/themes/betheme/images/stripes/textline.png]
[localhost/dada/wp-content/themes/betheme/images/icons/list_check.png]
[localhost/dada/wp-content/themes/betheme/images/icons/list_star.png]
[localhost/dada/wp-content/themes/betheme/images/icons/list_idea.png]
[localhost/dada/wp-content/themes/betheme/images/stripes/stripes_10_b.png]
[localhost/dada/wp-content/themes/betheme/images/progressbar.png]
[localhost/dada/wp-content/themes/betheme/images/timeline_top.png]
[localhost/dada/wp-content/themes/betheme/images/timeline_left.png]
[localhost/dada/wp-content/themes/betheme/images/fancy_heading_hr.png]
[localhost/dada/wp-content/themes/betheme/css/shortcodes4d75.css]
[localhost/dada/wp-content/themes/betheme/assets/animations/animations.min4d75.css]
[localhost/dada/wp-content/themes/betheme/assets/ui/images/ui-icons_222222_256x240.png]
[localhost/dada/wp-content/themes/betheme/assets/ui/images/ui-bg_flat_0_aaaaaa_40x100.png]
[localhost/dada/wp-content/themes/betheme/assets/ui/images/bg_widget_header.png]
[localhost/dada/wp-content/themes/betheme/assets/ui/images/bg_widget_header_active.png]
[localhost/dada/wp-content/themes/betheme/assets/ui/images/ui-bg_flat_75_ffffff_40x100.png]
[localhost/dada/wp-content/themes/betheme/assets/ui/images/ui-bg_glass_55_fbf9ee_1x400.png]
[localhost/dada/wp-content/themes/betheme/assets/ui/images/ui-bg_glass_95_fef1ec_1x400.png]
[localhost/dada/wp-content/themes/betheme/assets/ui/images/ui-icons_888888_256x240.png]
[localhost/dada/wp-content/themes/betheme/assets/ui/images/ui-icons_2e83ff_256x240.png]
[localhost/dada/wp-content/themes/betheme/assets/ui/images/ui-icons_cd0a0a_256x240.png]
[localhost/dada/wp-content/themes/betheme/assets/ui/images/ui-icons_454545_256x240.png]
[localhost/dada/wp-content/themes/betheme/assets/ui/jquery.ui.all4d75.css]
[localhost/dada/wp-content/themes/betheme/assets/prettyPhoto/images/default/sprite.png]
[localhost/dada/wp-content/themes/betheme/assets/prettyPhoto/images/default/sprite_x.png]
[localhost/dada/wp-content/themes/betheme/assets/prettyPhoto/images/default/sprite_y.png]
[localhost/dada/wp-content/themes/betheme/assets/prettyPhoto/images/default/sprite_next.png]
[localhost/dada/wp-content/themes/betheme/assets/prettyPhoto/images/default/sprite_prev.png]
[localhost/dada/wp-content/themes/betheme/assets/prettyPhoto/images/default/default_thumb.png]
[localhost/dada/wp-content/themes/betheme/assets/prettyPhoto/images/default/loader.gif]
[localhost/dada/wp-content/themes/betheme/assets/prettyPhoto/images/light_rounded/sprite.png]
[localhost/dada/wp-content/themes/betheme/assets/prettyPhoto/images/light_rounded/btnNext.png]
[localhost/dada/wp-content/themes/betheme/assets/prettyPhoto/images/light_rounded/btnPrevious.png]
[localhost/dada/wp-content/themes/betheme/assets/prettyPhoto/images/dark_rounded/sprite.png]
[localhost/dada/wp-content/themes/betheme/assets/prettyPhoto/images/dark_rounded/contentPattern.png]
[localhost/dada/wp-content/themes/betheme/assets/prettyPhoto/images/dark_rounded/btnNext.png]
[localhost/dada/wp-content/themes/betheme/assets/prettyPhoto/images/dark_rounded/btnPrevious.png]
[localhost/dada/wp-content/themes/betheme/assets/prettyPhoto/images/dark_rounded/loader.gif]
[localhost/dada/wp-content/themes/betheme/assets/prettyPhoto/images/dark_square/loader.gif]
[localhost/dada/wp-content/themes/betheme/assets/prettyPhoto/images/dark_square/sprite.png]
[localhost/dada/wp-content/themes/betheme/assets/prettyPhoto/images/dark_square/btnNext.png]
[localhost/dada/wp-content/themes/betheme/assets/prettyPhoto/images/dark_square/btnPrevious.png]
[localhost/dada/wp-content/themes/betheme/assets/prettyPhoto/images/light_square/sprite.png]
[localhost/dada/wp-content/themes/betheme/assets/prettyPhoto/images/light_square/btnNext.png]
[localhost/dada/wp-content/themes/betheme/assets/prettyPhoto/images/light_square/btnPrevious.png]
[localhost/dada/wp-content/themes/betheme/assets/prettyPhoto/images/facebook/sprite.png]
[localhost/dada/wp-content/themes/betheme/assets/prettyPhoto/images/facebook/contentPatternTop.png]
[localhost/dada/wp-content/themes/betheme/assets/prettyPhoto/images/facebook/contentPatternLeft.png]
[localhost/dada/wp-content/themes/betheme/assets/prettyPhoto/images/facebook/contentPatternRight.png]
[localhost/dada/wp-content/themes/betheme/assets/prettyPhoto/images/facebook/loader.gif]
[localhost/dada/wp-content/themes/betheme/assets/prettyPhoto/images/facebook/btnNext.png]
[localhost/dada/wp-content/themes/betheme/assets/prettyPhoto/images/facebook/btnPrevious.png]
[localhost/dada/wp-content/themes/betheme/assets/prettyPhoto/images/facebook/contentPatternBottom.png]
[localhost/dada/wp-content/themes/betheme/assets/prettyPhoto/images/facebook/default_thumbnail.gif]
[localhost/dada/wp-content/themes/betheme/assets/prettyPhoto/images/light_rounded/loader.gif]
[localhost/dada/wp-content/themes/betheme/assets/prettyPhoto/prettyPhoto4d75.css]
[localhost/dada/wp-content/themes/betheme/assets/jplayer/css/jplayer.png]
[localhost/dada/wp-content/themes/betheme/assets/jplayer/css/jplayer.blue.monday.jpg]
[localhost/dada/wp-content/themes/betheme/assets/jplayer/css/jplayer.blue.monday.seeking.gif]
[localhost/dada/wp-content/themes/betheme/assets/jplayer/css/jplayer.blue.monday4d75.css]
[localhost/dada/wp-content/themes/betheme/css/responsive4d75.css]
[localhost/dada/wp-json/oembed/1.0/embed4b56.json]
[localhost/dada/wp-json/oembed/1.0/embed1a26]
[localhost/dada/wp-content/uploads/2015/12/home_journey_hovercolor_icon.png]
[localhost/dada/wp-content/uploads/2015/12/home_journey_destination5.jpg]
[localhost/dada/wp-content/uploads/2015/12/home_journey_destination3.jpg]
[localhost/dada/wp-content/uploads/2015/12/home_journey_destination2.jpg]
[localhost/dada/destinations/index.html]
[localhost/dada/wp-json/oembed/1.0/embede844.json]
[localhost/dada/wp-json/oembed/1.0/embedd7ac]
[localhost/dada/wp-content/uploads/2015/12/home_journey_subheader2.jpg]
[localhost/dada/wp-content/uploads/2015/12/home_journey_about_pic.png]
[localhost/dada/wp-content/uploads/2015/12/home_journey_about_pic2.jpg]
[localhost/dada/wp-content/uploads/2015/12/home_journey_about_pic3.jpg]
[localhost/dada/who-we-are/index.html]
[localhost/dada/wp-json/oembed/1.0/embedb011.json]
[localhost/dada/wp-json/oembed/1.0/embed066b]
[localhost/dada/blog/index.html]
[localhost/dada/wp-json/oembed/1.0/embed1a91.json]
[localhost/dada/wp-json/oembed/1.0/embedc3df]
[localhost/dada/wp-content/uploads/2015/12/home_journey_subheader3.jpg]
[localhost/dada/contact/index.html]
[localhost/dada/wp-json/oembed/1.0/embedc242.json]
[localhost/dada/hello-world/feed/index.html]
[localhost/dada/wp-json/oembed/1.0/embed8ea9]
[localhost/dada/hello-world/index.html]
[w.sharethis.com/button/buttons.js]
[localhost/dada/wp-json/oembed/1.0/embed4f83.json]
[localhost/dada/vivamus-non-augue-mauris-amet/feed/index.html]
[localhost/dada/wp-json/oembed/1.0/embedf365]
[localhost/dada/wp-content/uploads/2015/12/home_journey_blog5-80x80.jpg]
[localhost/dada/wp-content/uploads/2015/12/home_journey_blog8-1024x597.92.delayed]
[localhost/dada/wp-content/uploads/2015/12/home_journey_blog8-1200x675.93.delayed]
[localhost/dada/wp-content/uploads/2014/05/home_journey_blog1-960x700.jpg]
[localhost/dada/wp-content/uploads/2014/05/home_journey_blog1-1024x597.jpg]
[localhost/dada/wp-content/uploads/2014/05/home_journey_blog3-960x700.jpg]
[localhost/dada/wp-content/uploads/2014/05/home_journey_blog3-1024x597.jpg]
[localhost/dada/wp-content/uploads/2014/05/home_journey_blog4-960x700.jpg]
[localhost/dada/wp-content/uploads/2014/05/home_journey_blog4-1024x597.jpg]
[localhost/dada/vivamus-non-augue-mauris-amet/index.html]
[localhost/dada/donec-vel-eros-mauris-amet-suspendisse-in-erat-mi-sed/feed/index.html]
[localhost/dada/wp-json/oembed/1.0/embedcfee.json]
[localhost/dada/wp-json/oembed/1.0/embede063]
[localhost/dada/wp-content/uploads/2014/05/home_journey_blog1-80x80.jpg]
[localhost/dada/wp-content/uploads/2015/12/home_journey_blog5-1024x597.jpg]
[localhost/dada/wp-content/uploads/2015/12/home_journey_blog5-1200x675.jpg]
[localhost/dada/donec-vel-eros-mauris-amet-suspendisse-in-erat-mi-sed/index.html]
[localhost/dada/wp-json/oembed/1.0/embede053.json]
[localhost/dada/4-2/feed/index.html]
[localhost/dada/wp-json/oembed/1.0/embedd8f8]
[localhost/dada/wp-content/uploads/2014/05/home_journey_blog3-80x80.jpg]
[localhost/dada/wp-content/uploads/2014/05/home_journey_blog1-1200x675.a2.delayed]
[localhost/dada/4-2/index.html]
[localhost/dada/wp-content/themes/betheme/fonts/mfn-icons2e38.svg]
[localhost/dada/index1800.html]
[localhost/dada/index276a.html]
[localhost/dada/indexcd0e.html]
[localhost/dada/index4d18.html]
[localhost/dada/indexcff1.html]
[localhost/dada/author/saad/index.html]
[localhost/dada/category/uncategorized/index.html]
[localhost/dada/author/saad/feed/index.html]
[localhost/dada/category/uncategorized/feed/index.html]
[localhost/dada/hello-world/index6809.html]
[localhost/dada/indexb073.html]
[localhost/dada/category/events/index.html]
[localhost/dada/category/events/feed/index.html]
[localhost/dada/wp-content/uploads/2014/05/home_journey_blog6-960x700.jpg]
[localhost/dada/wp-content/uploads/2014/05/home_journey_blog6-1024x597.jpg]
[localhost/dada/category/news/feed/index.html]
[localhost/dada/category/news/index.html]
[localhost/dada/wp-json/oembed/1.0/embed8e47.json]
[localhost/dada/vestibulum-commodo-volutpat/feed/index.html]
[localhost/dada/wp-json/oembed/1.0/embedf03b]
[localhost/dada/wp-content/uploads/2014/05/home_journey_blog4-80x80.jpg]
[localhost/dada/wp-content/uploads/2014/05/home_journey_blog3-1200x675.jpg]
[localhost/dada/vestibulum-commodo-volutpat/index.html]
[localhost/dada/wp-json/oembed/1.0/embedcc69.json]
[localhost/dada/vivamus-sit-amet-metus-sem/feed/index.html]
[localhost/dada/wp-json/oembed/1.0/embed1e12]
[localhost/dada/wp-content/uploads/2014/05/home_journey_blog6-80x80.jpg]
[localhost/dada/wp-content/uploads/2014/05/home_journey_blog4-1200x675.jpg]
[localhost/dada/vivamus-sit-amet-metus-sem/index.html]
[localhost/dada/index401a.html]
[localhost/dada/category/stories/index.html]
[localhost/dada/indexd666.html]
[localhost/dada/tag/framework/index.html]
[localhost/dada/category/stories/feed/index.html]
[localhost/dada/tag/framework/feed/index.html]
[localhost/dada/tag/grid/index.html]
[localhost/dada/tag/wordpress/index.html]
[localhost/dada/tag/grid/feed/index.html]
[localhost/dada/tag/wordpress/feed/index.html]
[localhost/dada/4-2/2/index.html]
[localhost/dada/4-2/index0e22.html]
[localhost/dada/4-2/index3094.html]
[localhost/dada/wp-admin/load-styles6d65.css]
[localhost/dada/wp-login.html]
[localhost/dada/author/saad/page/2/index.html]
[localhost/dada/quisque-lorem-tortor-fringilla/feed/index.html]
[localhost/dada/wp-json/oembed/1.0/embeda0db.json]
[localhost/dada/wp-json/oembed/1.0/embed9703]
[localhost/dada/wp-content/uploads/2014/05/home_journey_blog6-1200x675.jpg]
[localhost/dada/quisque-lorem-tortor-fringilla/index.html]
[localhost/dada/indexf4ac.html]
[localhost/dada/tag/video/index.html]
[localhost/dada/indexc046.html]
[localhost/dada/wp-includes/fonts/dashicons.eot]
[localhost/dada/tag/video/feed/index.html]
[localhost/dada/wp-admin/images/loading.gif]
[localhost/dada/wp-admin/images/w-logo-blue7a53.png]
[localhost/dada/wp-admin/load-styles6d65.css]
[localhost/dada/wp-admin/index.html]
[localhost/dada/wp-loginc2b6.html]
[localhost/dada/indexe6f0.html]
[localhost/dada/tag/motion/index.html]
[localhost/dada/tag/motion/feed/index.html]
[localhost/dada/wp-admin/images/wordpress-logo7d6b.svg]
[localhost/dada/wp-loginf9a2.html]
[localhost/dada/wp-admin/&reauth=1.html]
